error: macros that expand to items must be delimited with braces or followed by a semicolon
 --> tests/trybuild/route_non_ident_arg.rs:3:1
  |
3 | #[get("/non-ident-arg")]
  | ^^^^^^^^^^^^^^^^^^^^^^^^
  |
  = note: this error originates in the attribute macro `get` (in Nightly builds, run with -Z macro-backtrace for more info)

error: Found untyped non-identifier arg
 --> tests/trybuild/route_non_ident_arg.rs:3:1
  |
3 | #[get("/non-ident-arg")]
  | ^^^^^^^^^^^^^^^^^^^^^^^^
  |
  = note: this error originates in the attribute macro `get` (in Nightly builds, run with -Z macro-backtrace for more info)

error: macros that expand to items must be delimited with braces or followed by a semicolon
 --> tests/trybuild/route_non_ident_arg.rs:7:1
  |
7 | #[get("/non-ident-arg")]
  | ^^^^^^^^^^^^^^^^^^^^^^^^
  |
  = note: this error originates in the attribute macro `get` (in Nightly builds, run with -Z macro-backtrace for more info)

error: Found untyped non-identifier arg
 --> tests/trybuild/route_non_ident_arg.rs:7:1
  |
7 | #[get("/non-ident-arg")]
  | ^^^^^^^^^^^^^^^^^^^^^^^^
  |
  = note: this error originates in the attribute macro `get` (in Nightly builds, run with -Z macro-backtrace for more info)

error: macros that expand to items must be delimited with braces or followed by a semicolon
  --> tests/trybuild/route_non_ident_arg.rs:11:1
   |
11 | #[get("/non-ident-arg")]
   | ^^^^^^^^^^^^^^^^^^^^^^^^
   |
   = note: this error originates in the attribute macro `get` (in Nightly builds, run with -Z macro-backtrace for more info)

error: Found untyped non-identifier arg
  --> tests/trybuild/route_non_ident_arg.rs:11:1
   |
11 | #[get("/non-ident-arg")]
   | ^^^^^^^^^^^^^^^^^^^^^^^^
   |
   = note: this error originates in the attribute macro `get` (in Nightly builds, run with -Z macro-backtrace for more info)
